{
"kubernetes-project:sources/kubernetes/examples/staging/newrelic-infrastructure/newrelic-infra-daemonset.yaml": [
52
],
"kubernetes-project:sources/kubernetes/examples/staging/newrelic/newrelic-daemonset.yaml": [
57
],
"kubernetes-project:sources/kubernetes/examples/staging/sysdig-cloud/sysdig-daemonset.yaml": [
21
],
"kubernetes-project:sources/kubernetes/examples/staging/sysdig-cloud/sysdig-rc.yaml": [
16
]
}
