{
"kubernetes-project:ruling/src/test/resources/sources/kubernetes/helm/S6429/templates/deployment.yaml": [
37
],
"kubernetes-project:ruling/src/test/resources/sources/kubernetes/helm/S6433/templates/deployment.yaml": [
37
],
"kubernetes-project:sources/kubernetes/examples/staging/newrelic-infrastructure/newrelic-infra-daemonset.yaml": [
52,
55
],
"kubernetes-project:sources/kubernetes/examples/staging/newrelic/newrelic-daemonset.yaml": [
57,
64
],
"kubernetes-project:sources/kubernetes/examples/staging/storage/vitess/etcd-controller-template.yaml": [
16
],
"kubernetes-project:sources/kubernetes/examples/staging/storage/vitess/vtctld-controller-template.yaml": [
54
],
"kubernetes-project:sources/kubernetes/examples/staging/storage/vitess/vttablet-pod-template.yaml": [
127
],
"kubernetes-project:sources/kubernetes/examples/staging/sysdig-cloud/sysdig-daemonset.yaml": [
21,
31,
37
],
"kubernetes-project:sources/kubernetes/examples/staging/sysdig-cloud/sysdig-rc.yaml": [
16,
26,
32
],
"kubernetes-project:sources/kubernetes/examples/staging/volumes/flexvolume/deploy/ds.yaml": [
25
]
}
