{
  'docker-project:ruling/src/test/resources/sources/docker/parsingError/Dockerfile':[
    1,
  ],
  'docker-project:sources/docker/aspnet-monitoring/exporter/Dockerfile':[
    17,
  ],
  'docker-project:sources/docker/aspnet-monitoring/exporter/Dockerfile.ltsc2019':[
    17,
  ],
  'docker-project:sources/docker/aspnet-monitoring/grafana/Dockerfile':[
    11,
  ],
  'docker-project:sources/docker/aspnet-monitoring/grafana/Dockerfile.ltsc2019':[
    9,
  ],
  'docker-project:sources/docker/aspnet-monitoring/prometheus/Dockerfile':[
    8,
  ],
  'docker-project:sources/docker/aspnet-monitoring/prometheus/Dockerfile.ltsc2019':[
    8,
  ],
  'docker-project:sources/docker/aspnet-monitoring/website/Dockerfile':[
    22,
  ],
  'docker-project:sources/docker/aspnet-monitoring/website/Dockerfile.ltsc2019':[
    19,
  ],
}
