{
'cloudformation-project:ruling/src/test/resources/sources/cloudformation/rules/S6273.json':[
10,
14,
],
'cloudformation-project:ruling/src/test/resources/sources/cloudformation/rules/S6273.yaml':[
8,
10,
],
}
