{
"cloudformation-project:ruling/src/test/resources/sources/cloudformation/rules/S6330.json": [
5
],
"cloudformation-project:ruling/src/test/resources/sources/cloudformation/rules/S6330.yaml": [
4
]
}
