{
"azureresourcemanager-project:ruling/src/integrationTest/resources/sources/azureresourcemanager/rules/darktrace-vsensor-autoscaling-azuredeploy.json": [
68,
75,
83,
90,
99,
123,
151,
159,
178,
179,
180,
181,
182,
190
],
"azureresourcemanager-project:ruling/src/integrationTest/resources/sources/azureresourcemanager/rules/deployToLinkedWorkspaceWithAuditLogs.json": [
115,
122,
196
],
"azureresourcemanager-project:ruling/src/integrationTest/resources/sources/azureresourcemanager/rules/parameterized-linked-templates-azuredeploy.json": [
9,
16,
27,
34,
46,
53,
60,
72,
86,
93,
100,
109,
128,
135,
142,
153,
164,
175,
182,
191
],
"azureresourcemanager-project:ruling/src/integrationTest/resources/sources/azureresourcemanager/rules/sas9.4-viya-azuredeploy.json": [
5,
34,
55,
62,
69,
76,
91,
99,
151,
178,
192,
204,
217,
224,
233,
234,
235,
236,
237,
238,
239,
240,
241,
242,
248,
249,
250,
251,
252,
253,
254,
255,
256,
257,
258,
259,
260,
266,
267,
268,
269,
270,
271,
272,
273,
274,
275,
276,
277,
278,
279,
281,
282,
283,
284,
285,
287,
288,
289,
290,
291,
295,
305,
306,
307,
309,
310,
311,
312,
313
],
"azureresourcemanager-project:sources/azureresourcemanager/azure-docs-bicep-samples/samples/loops/loopvariables.bicep": [
1
]
}
