{
"kubernetes-project:ruling/src/integrationTest/resources/sources/kubernetes/helm/S1874/templates/deprecated_code.yaml": [
7,
8,
18,
21,
27,
31
],
"kubernetes-project:ruling/src/integrationTest/resources/sources/kubernetes/helm/objects/templates/pod.yaml": [
17
]
}
