{
"kubernetes_cross_file-project:ruling/src/integrationTest/resources/sources/kubernetes_cross_file/helm/templates/pod.yaml": [
6
],
"kubernetes_cross_file-project:ruling/src/integrationTest/resources/sources/kubernetes_cross_file/pod-no-limit-range.yaml": [
6
],
"kubernetes_cross_file-project:ruling/src/integrationTest/resources/sources/kubernetes_cross_file/pod.yaml": [
6
]
}
