{
"terraform-project:sources/terraform/terragoat/terraform/gcp/big_data.tf": [
8
]
}
