{
"cloudformation-project:ruling/src/integrationTest/resources/sources/cloudformation/rules/S6302.json": [
11,
39
],
"cloudformation-project:ruling/src/integrationTest/resources/sources/cloudformation/rules/S6302.yaml": [
9,
25
]
}
