{
"jvm-framework-config-project:sources/jvm-framework-config/baeldung-tutorials/aws-modules/aws-lambda-modules/lambda-function/sam-templates/template-inline-swagger.yaml": [
64
]
}
