{
"jvm-framework-config-project:ruling/src/integrationTest/resources/sources/jvm-framework-config/S4507/S4507.yaml": [
1
]
}
