{
"jvm-framework-config-project:sources/jvm-framework-config/baeldung-tutorials/kubernetes-modules/k8s-java-heap-dump/src/k8s/prime-deploy.yaml": [
8
],
"jvm-framework-config-project:sources/jvm-framework-config/baeldung-tutorials/kubernetes-modules/k8s-operator/k8s/deptrack-controller.yaml": [
31
],
"jvm-framework-config-project:sources/jvm-framework-config/baeldung-tutorials/kubernetes-modules/k8s-operator/src/main/resources/templates/frontend-deployment.yaml": [
23
],
"jvm-framework-config-project:sources/jvm-framework-config/baeldung-tutorials/spring-cloud-modules/spring-cloud-kubernetes/kubernetes-guide/client-service/client-service-deployment.yaml": [
30
],
"jvm-framework-config-project:sources/jvm-framework-config/baeldung-tutorials/spring-cloud-modules/spring-cloud-kubernetes/kubernetes-guide/travel-agency-service/mongo-deployment.yaml": [
35
],
"jvm-framework-config-project:sources/jvm-framework-config/baeldung-tutorials/spring-cloud-modules/spring-cloud-kubernetes/kubernetes-guide/travel-agency-service/travel-agency-deployment.yaml": [
30
],
"jvm-framework-config-project:sources/jvm-framework-config/baeldung-tutorials/spring-cloud-modules/spring-cloud-kubernetes/kubernetes-minikube/object-configurations/backend-deployment.yaml": [
32
],
"jvm-framework-config-project:sources/jvm-framework-config/baeldung-tutorials/spring-cloud-modules/spring-cloud-kubernetes/kubernetes-minikube/object-configurations/frontend-deployment.yaml": [
30
]
}
