{
"jvm-framework-config-project:sources/jvm-framework-config/baeldung-tutorials/spring-vault/src/main/k8s/vault-operator-example.yaml": [
13
]
}
