{
"spring-config-project:sources/spring-config/baeldung-tutorials/spring-cloud-modules/spring-cloud-aws/src/main/resources/InstanceProfileFormation.yaml": [
60
]
}
