{
"spring-config-project:sources/spring-config/baeldung-tutorials/spring-boot-modules/spring-boot-basic-customization/src/main/resources/application.properties": [
4,
5,
6,
7
]
}
