{
"spring-config-project:ruling/src/integrationTest/resources/sources/spring-config/S3330/S3330.yaml": [
5
]
}
