{
"spring-config-project:sources/spring-config/baeldung-tutorials/persistence-modules/spring-boot-persistence-mongodb/src/main/resources/application.properties": [
11,
12
]
}
