{
"docker-project:ruling/src/test/resources/sources/docker/parsingError/Dockerfile": [
1
]
}
