{
'terraform-project:sources/terraform/terragoat/terraform/azure/storage.tf':[
1,
],
}
