{
'terraform-project:sources/terraform/ibm-tf-training/day_03/file-layout-example/global/workspace-example/main.tf':[
15,
],
'terraform-project:sources/terraform/ibm-tf-training/s1/helloworld/main.tf':[
15,
],
'terraform-project:sources/terraform/ibm-tf-training/s1/helloworld_envvars/main.tf':[
15,
],
'terraform-project:sources/terraform/ibm-tf-training/s1/helloworld_outputs/main.tf':[
15,
],
'terraform-project:sources/terraform/ibm-tf-training/s1/helloworld_tags/main.tf':[
15,
],
'terraform-project:sources/terraform/ibm-tf-training/s1/helloworld_tfvars/main.tf':[
15,
],
'terraform-project:sources/terraform/ibm-tf-training/s1/helloworld_vars/main.tf':[
15,
],
'terraform-project:sources/terraform/ibm-tf-training/s1/test/main.tf':[
15,
],
'terraform-project:sources/terraform/ibm-tf-training/s2/nginx/main.tf':[
90,
],
'terraform-project:sources/terraform/ibm-tf-training/s2/s3/main.tf':[
228,
296,
],
'terraform-project:sources/terraform/ibm-tf-training/s2/workspaces-example/main.tf':[
30,
],
'terraform-project:sources/terraform/terragoat/terraform/aws/db-app.tf':[
242,
],
'terraform-project:sources/terraform/terragoat/terraform/aws/ec2.tf':[
1,
],
'terraform-project:sources/terraform/tool-compare/test-cases/terraform/aws/best-practices/deploy_ec2_to_default_vpc/main.tf':[
49,
],
'terraform-project:sources/terraform/tool-compare/test-cases/terraform/aws/best-practices/ec2_ebs_not_optimized/main.tf':[
17,
],
'terraform-project:sources/terraform/tool-compare/test-cases/terraform/aws/best-practices/security_group_no_description_for_rules/main.tf':[
61,
],
'terraform-project:sources/terraform/tool-compare/test-cases/terraform/aws/best-practices/security_group_no_description_for_security_group/main.tf':[
63,
],
'terraform-project:sources/terraform/tool-compare/test-cases/terraform/aws/best-practices/using_public_amis/main.tf':[
45,
80,
93,
98,
],
'terraform-project:sources/terraform/tool-compare/test-cases/terraform/aws/encryption/in-transit/alb_use_http/main.tf':[
82,
95,
108,
],
'terraform-project:sources/terraform/tool-compare/test-cases/terraform/aws/encryption/in-transit/vpc_has_only_dynamodb_vpce_gw_connection/main.tf':[
136,
],
'terraform-project:sources/terraform/tool-compare/test-cases/terraform/aws/iam/iam-entities/public_and_private_ec2_same_role/main.tf':[
98,
106,
],
'terraform-project:sources/terraform/tool-compare/test-cases/terraform/aws/logging/ec2_without_monitoring/main.tf':[
17,
],
'terraform-project:sources/terraform/tool-compare/test-cases/terraform/aws/networking/default_sg_in_new_vpc/main.tf':[
31,
],
'terraform-project:sources/terraform/tool-compare/test-cases/terraform/aws/networking/public_ec2_points_to_private_domain/main.tf':[
141,
],
'terraform-project:sources/terraform/tool-compare/test-cases/terraform/aws/networking/public_ec2_points_to_private_rds/main.tf':[
149,
],
'terraform-project:sources/terraform/tool-compare/test-cases/terraform/aws/networking/public_ec2_points_to_private_redshift/main.tf':[
134,
],
'terraform-project:sources/terraform/tool-compare/test-cases/terraform/aws/networking/publicly_accessible_dms/main.tf':[
65,
],
'terraform-project:sources/terraform/tool-compare/test-cases/terraform/aws/networking/vpc-endpoints/dynamodb-vpce-exist-without-routeassociation/main.tf':[
83,
],
'terraform-project:sources/terraform/tool-compare/test-cases/terraform/aws/networking/vpc-endpoints/sqs-vpc-endpoint-without-dns-resolution/main.tf':[
87,
],
}
