{
'terraform-project:sources/terraform/terragoat/terraform/gcp/gcs.tf':[
18,
],
'terraform-project:sources/terraform/terragoat/terraform/gcp/gke.tf':[
6,
],
}
