{
'terraform-project:sources/terraform/terragoat/terraform/azure/app_service.tf':[
22,
43,
],
}
