{
'terraform-project:sources/terraform/ibm-tf-training/s2/nginx/main.tf':[
74,
],
'terraform-project:sources/terraform/ibm-tf-training/s2/s3/main.tf':[
185,
],
'terraform-project:sources/terraform/terragoat/terraform/aws/ec2.tf':[
94,
],
'terraform-project:sources/terraform/terragoat/terraform/gcp/networks.tf':[
22,
],
'terraform-project:sources/terraform/tool-compare/test-cases/terraform/aws/networking/public_ec2_points_to_private_domain/main.tf':[
127,
],
'terraform-project:sources/terraform/tool-compare/test-cases/terraform/aws/networking/public_ec2_points_to_private_rds/main.tf':[
135,
],
'terraform-project:sources/terraform/tool-compare/test-cases/terraform/aws/networking/public_ec2_points_to_private_redshift/main.tf':[
120,
],
'terraform-project:sources/terraform/tool-compare/test-cases/terraform/aws/networking/publicly_accessible_neptune_db/main.tf':[
25,
],
'terraform-project:sources/terraform/tool-compare/test-cases/terraform/aws/networking/rds-vpc-controlled-public/main.tf':[
16,
],
}
