{
'terraform-project:sources/terraform/ibm-tf-training/day_03/file-layout-example/stage/data-stores/mysql/main.tf':[
28,
],
'terraform-project:sources/terraform/ibm-tf-training/day_03/module-example/prod/data-stores/mysql/main.tf':[
25,
],
'terraform-project:sources/terraform/ibm-tf-training/day_03/module-example/stage/data-stores/mysql/main.tf':[
25,
],
'terraform-project:sources/terraform/terragoat/terraform/aws/db-app.tf':[
17,
],
'terraform-project:sources/terraform/tool-compare/test-cases/terraform/aws/best-practices/rds_retention_period_set/main.tf':[
1,
],
'terraform-project:sources/terraform/tool-compare/test-cases/terraform/aws/encryption/at-rest/rds_cluster_encrypt_at_rest_disabled/main.tf':[
5,
],
'terraform-project:sources/terraform/tool-compare/test-cases/terraform/aws/iam/resource-authentication/rds_without_authentication/main.tf':[
1,
],
'terraform-project:sources/terraform/tool-compare/test-cases/terraform/aws/logging/rds_without_logging/main.tf':[
1,
],
'terraform-project:sources/terraform/tool-compare/test-cases/terraform/aws/networking/public_ec2_points_to_private_rds/main.tf':[
113,
],
'terraform-project:sources/terraform/tool-compare/test-cases/terraform/aws/networking/rds-vpc-controlled-public/main.tf':[
60,
],
}
