{
"azureresourcemanager-project:ruling/src/test/resources/sources/azureresourcemanager/rules/S6364.bicep": [
15
]
}
