{
"azureresourcemanager-project:ruling/src/test/resources/sources/azureresourcemanager/rules/S6385.bicep": [
1
]
}
