{
"azureresourcemanager-project:ruling/src/test/resources/sources/azureresourcemanager/rules/darktrace-vsensor-autoscaling-azuredeploy.json": [
347
]
}
