{
"azureresourcemanager-project:ruling/src/test/resources/sources/azureresourcemanager/rules/sas9.4-viya-azuredeploy.json": [
546
],
"azureresourcemanager-project:sources/azureresourcemanager/azure-docs-bicep-samples/samples/scenarios-secrets/key-vault-secret.bicep": [
4
]
}
